[themesdesign.in/dason-laravel/layouts/default/index.html]
[backblue.gif]
[fade.gif]
[index.html]
[themesdesign.in/dason-laravel/layouts/default/assets/images/favicon.ico]
[themesdesign.in/dason-laravel/layouts/default/assets/libs/admin-resources/jquery.vectormap/jquery-jvectormap-1.2.2.css]
[themesdesign.in/dason-laravel/layouts/default/assets/css/preloader.min.css]
[themesdesign.in/dason-laravel/layouts/default/assets/css/bootstrap.min.css]
[themesdesign.in/dason-laravel/layouts/default/assets/css/icons.min.css]
[themesdesign.in/dason-laravel/layouts/default/assets/css/app.min.css]
[themesdesign.in/dason-laravel/layouts/default/assets/images/flags/us.jpg]
[themesdesign.in/dason-laravel/layouts/default/assets/images/flags/spain.jpg]
[themesdesign.in/dason-laravel/layouts/default/assets/images/flags/germany.jpg]
[themesdesign.in/dason-laravel/layouts/default/assets/images/flags/italy.jpg]
[themesdesign.in/dason-laravel/layouts/default/assets/images/flags/russia.jpg]
[themesdesign.in/dason-laravel/layouts/default/assets/images/brands/github.png]
[themesdesign.in/dason-laravel/layouts/default/assets/images/brands/bitbucket.png]
[themesdesign.in/dason-laravel/layouts/default/assets/images/brands/dribbble.png]
[themesdesign.in/dason-laravel/layouts/default/assets/images/brands/dropbox.png]
[themesdesign.in/dason-laravel/layouts/default/assets/images/brands/mail_chimp.png]
[themesdesign.in/dason-laravel/layouts/default/assets/images/brands/slack.png]
[themesdesign.in/dason-laravel/layouts/default/assets/images/users/avatar-3.jpg]
[themesdesign.in/dason-laravel/layouts/default/assets/images/users/avatar-6.jpg]
[themesdesign.in/dason-laravel/layouts/default/assets/images/users/avatar-1.jpg]
[themesdesign.in/dason-laravel/layouts/default/apps-contacts-profile.html]
[themesdesign.in/dason-laravel/layouts/default/auth-lock-screen.html]
[themesdesign.in/dason-laravel/layouts/default/auth-logout.html]
[themesdesign.in/dason-laravel/layouts/default/ecommerce-products.html]
[themesdesign.in/dason-laravel/layouts/default/ecommerce-product-detail.html]
[themesdesign.in/dason-laravel/layouts/default/ecommerce-orders.html]
[themesdesign.in/dason-laravel/layouts/default/ecommerce-customers.html]
[themesdesign.in/dason-laravel/layouts/default/ecommerce-cart.html]
[themesdesign.in/dason-laravel/layouts/default/ecommerce-checkout.html]
[themesdesign.in/dason-laravel/layouts/default/ecommerce-shops.html]
[themesdesign.in/dason-laravel/layouts/default/ecommerce-add-product.html]
[themesdesign.in/dason-laravel/layouts/default/apps-chat.html]
[themesdesign.in/dason-laravel/layouts/default/apps-email-inbox.html]
[themesdesign.in/dason-laravel/layouts/default/apps-email-read.html]
[themesdesign.in/dason-laravel/layouts/default/apps-calendar.html]
[themesdesign.in/dason-laravel/layouts/default/apps-contacts-grid.html]
[themesdesign.in/dason-laravel/layouts/default/apps-contacts-list.html]
[themesdesign.in/dason-laravel/layouts/default/tasks-list.html]
[themesdesign.in/dason-laravel/layouts/default/tasks-kanban.html]
[themesdesign.in/dason-laravel/layouts/default/tasks-create.html]
[themesdesign.in/dason-laravel/layouts/default/auth-login.html]
[themesdesign.in/dason-laravel/layouts/default/auth-register.html]
[themesdesign.in/dason-laravel/layouts/default/auth-recoverpw.html]
[themesdesign.in/dason-laravel/layouts/default/auth-confirm-mail.html]
[themesdesign.in/dason-laravel/layouts/default/auth-email-verification.html]
[themesdesign.in/dason-laravel/layouts/default/auth-two-step-verification.html]
[themesdesign.in/dason-laravel/layouts/default/pages-starter.html]
[themesdesign.in/dason-laravel/layouts/default/pages-maintenance.html]
[themesdesign.in/dason-laravel/layouts/default/pages-comingsoon.html]
[themesdesign.in/dason-laravel/layouts/default/pages-timeline.html]
[themesdesign.in/dason-laravel/layouts/default/pages-faqs.html]
[themesdesign.in/dason-laravel/layouts/default/pages-pricing.html]
[themesdesign.in/dason-laravel/layouts/default/pages-404.html]
[themesdesign.in/dason-laravel/layouts/default/pages-500.html]
[themesdesign.in/dason-laravel/layouts/default/layouts-horizontal.html]
[themesdesign.in/dason-laravel/layouts/default/ui-alerts.html]
[themesdesign.in/dason-laravel/layouts/default/ui-buttons.html]
[themesdesign.in/dason-laravel/layouts/default/ui-cards.html]
[themesdesign.in/dason-laravel/layouts/default/ui-carousel.html]
[themesdesign.in/dason-laravel/layouts/default/ui-dropdowns.html]
[themesdesign.in/dason-laravel/layouts/default/ui-grid.html]
[themesdesign.in/dason-laravel/layouts/default/ui-images.html]
[themesdesign.in/dason-laravel/layouts/default/ui-modals.html]
[themesdesign.in/dason-laravel/layouts/default/ui-offcanvas.html]
[themesdesign.in/dason-laravel/layouts/default/ui-progressbars.html]
[themesdesign.in/dason-laravel/layouts/default/ui-placeholders.html]
[themesdesign.in/dason-laravel/layouts/default/ui-tabs-accordions.html]
[themesdesign.in/dason-laravel/layouts/default/ui-typography.html]
[themesdesign.in/dason-laravel/layouts/default/ui-video.html]
[themesdesign.in/dason-laravel/layouts/default/ui-general.html]
[themesdesign.in/dason-laravel/layouts/default/ui-colors.html]
[themesdesign.in/dason-laravel/layouts/default/extended-lightbox.html]
[themesdesign.in/dason-laravel/layouts/default/extended-rangeslider.html]
[themesdesign.in/dason-laravel/layouts/default/extended-sweet-alert.html]
[themesdesign.in/dason-laravel/layouts/default/extended-session-timeout.html]
[themesdesign.in/dason-laravel/layouts/default/extended-rating.html]
[themesdesign.in/dason-laravel/layouts/default/extended-notifications.html]
[themesdesign.in/dason-laravel/layouts/default/form-elements.html]
[themesdesign.in/dason-laravel/layouts/default/form-validation.html]
[themesdesign.in/dason-laravel/layouts/default/form-advanced.html]
[themesdesign.in/dason-laravel/layouts/default/form-editors.html]
[themesdesign.in/dason-laravel/layouts/default/form-uploads.html]
[themesdesign.in/dason-laravel/layouts/default/form-wizard.html]
[themesdesign.in/dason-laravel/layouts/default/form-mask.html]
[themesdesign.in/dason-laravel/layouts/default/tables-basic.html]
[themesdesign.in/dason-laravel/layouts/default/tables-datatable.html]
[themesdesign.in/dason-laravel/layouts/default/tables-responsive.html]
[themesdesign.in/dason-laravel/layouts/default/tables-editable.html]
[themesdesign.in/dason-laravel/layouts/default/charts-apex.html]
[themesdesign.in/dason-laravel/layouts/default/charts-echart.html]
[themesdesign.in/dason-laravel/layouts/default/charts-chartjs.html]
[themesdesign.in/dason-laravel/layouts/default/charts-knob.html]
[themesdesign.in/dason-laravel/layouts/default/charts-sparkline.html]
[themesdesign.in/dason-laravel/layouts/default/icons-feather.html]
[themesdesign.in/dason-laravel/layouts/default/icons-boxicons.html]
[themesdesign.in/dason-laravel/layouts/default/icons-materialdesign.html]
[themesdesign.in/dason-laravel/layouts/default/icons-dripicons.html]
[themesdesign.in/dason-laravel/layouts/default/icons-fontawesome.html]
[themesdesign.in/dason-laravel/layouts/default/maps-google.html]
[themesdesign.in/dason-laravel/layouts/default/maps-vector.html]
[themesdesign.in/dason-laravel/layouts/default/maps-leaflet.html]
[themesdesign.in/dason-laravel/layouts/default/assets/images/giftbox.png]
[themesdesign.in/dason-laravel/layouts/default/assets/images/users/avatar-2.jpg]
[themesdesign.in/dason-laravel/layouts/default/assets/images/users/avatar-4.jpg]
[themesdesign.in/dason-laravel/layouts/default/assets/images/users/avatar-5.jpg]
[themesdesign.in/dason-laravel/layouts/default/assets/images/users/avatar-8.jpg]
[themesdesign.in/dason-laravel/layouts/default/assets/images/users/avatar-9.jpg]
[themesdesign.in/dason-laravel/layouts/default/assets/images/product/img-1.png]
[themesdesign.in/dason-laravel/layouts/default/assets/images/product/img-2.png]
[themesdesign.in/dason-laravel/layouts/default/assets/images/product/img-3.png]
[themesdesign.in/dason-laravel/layouts/default/assets/images/product/img-4.png]
[themesdesign.in/dason-laravel/layouts/default/assets/images/product/img-5.png]
[themesdesign.in/dason-laravel/layouts/default/assets/images/product/img-6.png]
[themesdesign.in/dason-laravel/layouts/default/assets/images/small/img-1.jpg]
[themesdesign.in/dason-laravel/layouts/default/assets/images/small/img-2.jpg]
[themesdesign.in/dason-laravel/layouts/default/assets/libs/jquery/jquery.min.js]
[themesdesign.in/dason-laravel/layouts/default/assets/libs/bootstrap/js/bootstrap.bundle.min.js]
[themesdesign.in/dason-laravel/layouts/default/assets/libs/metismenu/metisMenu.min.js]
[themesdesign.in/dason-laravel/layouts/default/assets/libs/simplebar/simplebar.min.js]
[themesdesign.in/dason-laravel/layouts/default/assets/libs/node-waves/waves.min.js]
[themesdesign.in/dason-laravel/layouts/default/assets/libs/feather-icons/feather.min.js]
[themesdesign.in/dason-laravel/layouts/default/assets/libs/pace-js/pace.min.js]
[themesdesign.in/dason-laravel/layouts/default/assets/libs/admin-resources/jquery.vectormap/jquery-jvectormap-1.2.2.min.js]
[themesdesign.in/dason-laravel/layouts/default/assets/libs/apexcharts/apexcharts.min.js]
[themesdesign.in/dason-laravel/layouts/default/assets/libs/admin-resources/jquery.vectormap/maps/jquery-jvectormap-world-mill-en.js]
[themesdesign.in/dason-laravel/layouts/default/assets/js/pages/dashboard.init.js]
[themesdesign.in/dason-laravel/layouts/default/index.html]
[themesdesign.in/dason-laravel/layouts/default/assets/js/app.js]
[themesdesign.in/dason-laravel/layouts/default/assets/libs/admin-resources/jquery.vectormap/jquery-jvectormap-1.2.2.css]
[themesdesign.in/dason-laravel/layouts/default/assets/css/preloader.min.css]
[themesdesign.in/dason-laravel/layouts/default/assets/css/bootstrap.min.css]
[themesdesign.in/dason-laravel/layouts/default/assets/fonts/materialdesignicons-webfont3e71.eot]
[themesdesign.in/dason-laravel/layouts/default/assets/fonts/materialdesignicons-webfontd41d.eot]
[themesdesign.in/dason-laravel/layouts/default/assets/fonts/materialdesignicons-webfont3e71.woff]
[themesdesign.in/dason-laravel/layouts/default/assets/fonts/materialdesignicons-webfont3e71.ttf]
[themesdesign.in/dason-laravel/layouts/default/assets/fonts/boxicons.eot]
[themesdesign.in/dason-laravel/layouts/default/assets/fonts/boxicons.woff]
[themesdesign.in/dason-laravel/layouts/default/assets/fonts/boxicons.ttf]
[themesdesign.in/dason-laravel/layouts/default/assets/fonts/fa-brands-400.eot]
[themesdesign.in/dason-laravel/layouts/default/assets/fonts/fa-brands-400d41d.eot]
[themesdesign.in/dason-laravel/layouts/default/assets/fonts/fa-brands-400.woff]
[themesdesign.in/dason-laravel/layouts/default/assets/fonts/fa-brands-400.ttf]
[themesdesign.in/dason-laravel/layouts/default/assets/fonts/fa-regular-400.eot]
[themesdesign.in/dason-laravel/layouts/default/assets/fonts/fa-regular-400d41d.eot]
[themesdesign.in/dason-laravel/layouts/default/assets/fonts/fa-regular-400.woff]
[themesdesign.in/dason-laravel/layouts/default/assets/fonts/fa-regular-400.ttf]
[themesdesign.in/dason-laravel/layouts/default/assets/fonts/fa-solid-900.eot]
[themesdesign.in/dason-laravel/layouts/default/assets/fonts/fa-solid-900d41d.eot]
[themesdesign.in/dason-laravel/layouts/default/assets/fonts/fa-solid-900.woff]
[themesdesign.in/dason-laravel/layouts/default/assets/fonts/fa-solid-900.ttf]
[themesdesign.in/dason-laravel/layouts/default/assets/fonts/dripicons-v2.eot]
[themesdesign.in/dason-laravel/layouts/default/assets/fonts/dripicons-v2d41d.eot]
[themesdesign.in/dason-laravel/layouts/default/assets/fonts/dripicons-v2.woff]
[themesdesign.in/dason-laravel/layouts/default/assets/fonts/dripicons-v2.ttf]
[themesdesign.in/dason-laravel/layouts/default/assets/css/icons.min.css]
[themesdesign.in/dason-laravel/layouts/default/assets/css/app.min.css]
[themesdesign.in/dason-laravel/layouts/default/assets/images/logo-sm.svg]
[themesdesign.in/dason-laravel/layouts/default/assets/images/profile-bg.jpg]
[themesdesign.in/dason-laravel/layouts/default/assets/images/profile-bg-2.jpg]
[themesdesign.in/dason-laravel/layouts/default/assets/images/users/avatar-7.jpg]
[themesdesign.in/dason-laravel/layouts/default/assets/js/pages/profile.init.js]
[themesdesign.in/dason-laravel/layouts/default/apps-contacts-profile.html]
[themesdesign.in/dason-laravel/layouts/default/assets/js/pages/feather-icon.init.js]
[themesdesign.in/dason-laravel/layouts/default/auth-lock-screen.html]
[themesdesign.in/dason-laravel/layouts/default/assets/js/pages/pass-addon.init.js]
[themesdesign.in/dason-laravel/layouts/default/auth-logout.html]
[themesdesign.in/dason-laravel/layouts/default/assets/libs/nouislider/nouislider.min.css]
[themesdesign.in/dason-laravel/layouts/default/assets/libs/nouislider/nouislider.min.js]
[themesdesign.in/dason-laravel/layouts/default/assets/libs/wnumb/wNumb.min.js]
[themesdesign.in/dason-laravel/layouts/default/assets/js/pages/product-filter-range.init.js]
[themesdesign.in/dason-laravel/layouts/default/ecommerce-products.html]
[themesdesign.in/dason-laravel/layouts/default/assets/images/product/img-7.png]
[themesdesign.in/dason-laravel/layouts/default/assets/images/product/img-8.png]
[themesdesign.in/dason-laravel/layouts/default/ecommerce-product-detail.html]
[themesdesign.in/dason-laravel/layouts/default/ecommerce-orders.html]
[themesdesign.in/dason-laravel/layouts/default/ecommerce-customers.html]
[themesdesign.in/dason-laravel/layouts/default/assets/libs/bootstrap-touchspin/jquery.bootstrap-touchspin.min.css]
[themesdesign.in/dason-laravel/layouts/default/assets/libs/bootstrap-touchspin/jquery.bootstrap-touchspin.min.js]
[themesdesign.in/dason-laravel/layouts/default/assets/js/pages/ecommerce-cart.init.js]
[themesdesign.in/dason-laravel/layouts/default/ecommerce-cart.html]
[themesdesign.in/dason-laravel/layouts/default/assets/libs/select2/css/select2.min.css]
[themesdesign.in/dason-laravel/layouts/default/assets/libs/select2/js/select2.min.js]
[themesdesign.in/dason-laravel/layouts/default/assets/js/pages/ecommerce-select2.init.js]
[themesdesign.in/dason-laravel/layouts/default/ecommerce-checkout.html]
[themesdesign.in/dason-laravel/layouts/default/assets/images/companies/img-1.png]
[themesdesign.in/dason-laravel/layouts/default/assets/images/companies/img-2.png]
[themesdesign.in/dason-laravel/layouts/default/assets/images/companies/img-3.png]
[themesdesign.in/dason-laravel/layouts/default/assets/images/companies/img-5.png]
[themesdesign.in/dason-laravel/layouts/default/assets/images/companies/img-4.png]
[themesdesign.in/dason-laravel/layouts/default/assets/images/companies/img-8.png]
[themesdesign.in/dason-laravel/layouts/default/assets/js/pages/ecommerce-shop.init.js]
[themesdesign.in/dason-laravel/layouts/default/ecommerce-shops.html]
[themesdesign.in/dason-laravel/layouts/default/assets/libs/dropzone/min/dropzone.min.css]
[themesdesign.in/dason-laravel/layouts/default/ecommerce-add-product.html]
[themesdesign.in/dason-laravel/layouts/default/apps-chat.html]
[themesdesign.in/dason-laravel/layouts/default/assets/libs/dropzone/min/dropzone.min.js]
[themesdesign.in/dason-laravel/layouts/default/apps-email-inbox.html]
[themesdesign.in/dason-laravel/layouts/default/assets/js/pages/email-editor.init.js]
[themesdesign.in/dason-laravel/layouts/default/assets/images/small/img-3.jpg]
[themesdesign.in/dason-laravel/layouts/default/assets/libs/@ckeditor/ckeditor5-build-classic/build/ckeditor.js]
[themesdesign.in/dason-laravel/layouts/default/assets/images/small/img-4.jpg]
[themesdesign.in/dason-laravel/layouts/default/apps-email-read.html]
[themesdesign.in/dason-laravel/layouts/default/assets/libs/@fullcalendar/core/main.min.css]
[themesdesign.in/dason-laravel/layouts/default/assets/libs/@fullcalendar/daygrid/main.min.css]
[themesdesign.in/dason-laravel/layouts/default/assets/libs/@fullcalendar/bootstrap/main.min.css]
[themesdesign.in/dason-laravel/layouts/default/assets/libs/@fullcalendar/timegrid/main.min.css]
[themesdesign.in/dason-laravel/layouts/default/assets/libs/@fullcalendar/core/main.min.js]
[themesdesign.in/dason-laravel/layouts/default/assets/libs/@fullcalendar/bootstrap/main.min.js]
[themesdesign.in/dason-laravel/layouts/default/assets/libs/@fullcalendar/daygrid/main.min.js]
[themesdesign.in/dason-laravel/layouts/default/assets/libs/@fullcalendar/timegrid/main.min.js]
[themesdesign.in/dason-laravel/layouts/default/assets/libs/@fullcalendar/interaction/main.min.js]
[themesdesign.in/dason-laravel/layouts/default/assets/js/pages/calendar.init.js]
[themesdesign.in/dason-laravel/layouts/default/apps-calendar.html]
[themesdesign.in/dason-laravel/layouts/default/apps-contacts-grid.html]
[themesdesign.in/dason-laravel/layouts/default/assets/libs/datatables.net-bs4/css/dataTables.bootstrap4.min.css]
[themesdesign.in/dason-laravel/layouts/default/assets/libs/datatables.net-responsive-bs4/css/responsive.bootstrap4.min.css]
[themesdesign.in/dason-laravel/layouts/default/assets/libs/datatables.net/js/jquery.dataTables.min.js]
[themesdesign.in/dason-laravel/layouts/default/assets/libs/datatables.net-bs4/js/dataTables.bootstrap4.min.js]
[themesdesign.in/dason-laravel/layouts/default/assets/libs/datatables.net-responsive/js/dataTables.responsive.min.js]
[themesdesign.in/dason-laravel/layouts/default/assets/libs/datatables.net-responsive-bs4/js/responsive.bootstrap4.min.js]
[themesdesign.in/dason-laravel/layouts/default/assets/js/pages/datatable-pages.init.js]
[themesdesign.in/dason-laravel/layouts/default/apps-contacts-list.html]
[themesdesign.in/dason-laravel/layouts/default/assets/js/pages/tasklist.init.js]
[themesdesign.in/dason-laravel/layouts/default/tasks-list.html]
[themesdesign.in/dason-laravel/layouts/default/assets/libs/dragula/dragula.min.css]
[themesdesign.in/dason-laravel/layouts/default/assets/images/small/img-5.jpg]
[themesdesign.in/dason-laravel/layouts/default/assets/images/small/img-6.jpg]
[themesdesign.in/dason-laravel/layouts/default/assets/libs/dragula/dragula.min.js]
[themesdesign.in/dason-laravel/layouts/default/assets/libs/jquery-validation/jquery.validate.min.js]
[themesdesign.in/dason-laravel/layouts/default/assets/js/pages/task-kanban.init.js]
[themesdesign.in/dason-laravel/layouts/default/tasks-kanban.html]
[themesdesign.in/dason-laravel/layouts/default/assets/js/pages/task-form.init.js]
[themesdesign.in/dason-laravel/layouts/default/assets/libs/jquery.repeater/jquery.repeater.min.js]
[themesdesign.in/dason-laravel/layouts/default/assets/js/pages/task-create.init.js]
[themesdesign.in/dason-laravel/layouts/default/tasks-create.html]
[themesdesign.in/dason-laravel/layouts/default/auth-login.html]
[themesdesign.in/dason-laravel/layouts/default/assets/libs/tinymce/tinymce.min.js]
[themesdesign.in/dason-laravel/layouts/default/assets/js/pages/validation.init.js]
[themesdesign.in/dason-laravel/layouts/default/auth-register.html]
[themesdesign.in/dason-laravel/layouts/default/auth-recoverpw.html]
[themesdesign.in/dason-laravel/layouts/default/auth-confirm-mail.html]
[themesdesign.in/dason-laravel/layouts/default/auth-email-verification.html]
[themesdesign.in/dason-laravel/layouts/default/assets/js/pages/two-step-verification.init.js]
[themesdesign.in/dason-laravel/layouts/default/auth-two-step-verification.html]
[themesdesign.in/dason-laravel/layouts/default/pages-starter.html]
[themesdesign.in/dason-laravel/layouts/default/assets/images/maintenance.png]
[themesdesign.in/dason-laravel/layouts/default/pages-maintenance.html]
[themesdesign.in/dason-laravel/layouts/default/assets/libs/swiper/swiper-bundle.min.css]
[themesdesign.in/dason-laravel/layouts/default/assets/images/bg-1.jpg]
[themesdesign.in/dason-laravel/layouts/default/assets/images/bg-2.jpg]
[themesdesign.in/dason-laravel/layouts/default/assets/images/bg-3.jpg]
[themesdesign.in/dason-laravel/layouts/default/assets/libs/swiper/swiper-bundle.min.js]
[themesdesign.in/dason-laravel/layouts/default/assets/libs/jquery-countdown/jquery.countdown.min.js]
[themesdesign.in/dason-laravel/layouts/default/assets/js/pages/coming-soon.init.js]
[themesdesign.in/dason-laravel/layouts/default/pages-comingsoon.html]
[themesdesign.in/dason-laravel/layouts/default/pages-timeline.html]
[themesdesign.in/dason-laravel/layouts/default/pages-faqs.html]
[themesdesign.in/dason-laravel/layouts/default/pages-pricing.html]
[themesdesign.in/dason-laravel/layouts/default/pages-404.html]
[themesdesign.in/dason-laravel/layouts/default/pages-500.html]
[themesdesign.in/dason-laravel/layouts/default/layouts-horizontal.html]
[themesdesign.in/dason-laravel/layouts/default/assets/js/pages/alert.init.js]
[themesdesign.in/dason-laravel/layouts/default/ui-alerts.html]
[themesdesign.in/dason-laravel/layouts/default/ui-buttons.html]
[themesdesign.in/dason-laravel/layouts/default/assets/images/small/img-7.jpg]
[themesdesign.in/dason-laravel/layouts/default/ui-cards.html]
[themesdesign.in/dason-laravel/layouts/default/assets/libs/masonry-layout/masonry.pkgd.min.js]
[themesdesign.in/dason-laravel/layouts/default/ui-carousel.html]
[themesdesign.in/dason-laravel/layouts/default/ui-dropdowns.html]
[themesdesign.in/dason-laravel/layouts/default/ui-grid.html]
[themesdesign.in/dason-laravel/layouts/default/ui-images.html]
[themesdesign.in/dason-laravel/layouts/default/assets/js/pages/modal.init.js]
[themesdesign.in/dason-laravel/layouts/default/ui-modals.html]
[themesdesign.in/dason-laravel/layouts/default/ui-offcanvas.html]
[themesdesign.in/dason-laravel/layouts/default/ui-progressbars.html]
[themesdesign.in/dason-laravel/layouts/default/ui-placeholders.html]
[themesdesign.in/dason-laravel/layouts/default/ui-tabs-accordions.html]
[themesdesign.in/dason-laravel/layouts/default/ui-typography.html]
[themesdesign.in/dason-laravel/layouts/default/ui-video.html]
[themesdesign.in/dason-laravel/layouts/default/ui-general.html]
[themesdesign.in/dason-laravel/layouts/default/ui-colors.html]
[themesdesign.in/dason-laravel/layouts/default/assets/libs/glightbox/css/glightbox.min.css]
[themesdesign.in/dason-laravel/layouts/default/assets/libs/glightbox/js/glightbox.min.js]
[themesdesign.in/dason-laravel/layouts/default/assets/js/pages/lightbox.init.js]
[themesdesign.in/dason-laravel/layouts/default/extended-lightbox.html]
[themesdesign.in/dason-laravel/layouts/default/assets/js/pages/rangeslider.init.js]
[themesdesign.in/dason-laravel/layouts/default/extended-rangeslider.html]
[themesdesign.in/dason-laravel/layouts/default/assets/libs/sweetalert2/sweetalert2.min.css]
[themesdesign.in/dason-laravel/layouts/default/assets/libs/sweetalert2/sweetalert2.min.js]
[themesdesign.in/dason-laravel/layouts/default/assets/js/pages/sweetalert.init.js]
[themesdesign.in/dason-laravel/layouts/default/extended-sweet-alert.html]
[themesdesign.in/dason-laravel/layouts/default/assets/libs/@curiosityx/bootstrap-session-timeout/index.js]
[themesdesign.in/dason-laravel/layouts/default/assets/js/pages/session-timeout.init.js]
[themesdesign.in/dason-laravel/layouts/default/extended-session-timeout.html]
[themesdesign.in/dason-laravel/layouts/default/assets/libs/rater-js/index.js]
[themesdesign.in/dason-laravel/layouts/default/assets/js/pages/rating.init.js]
[themesdesign.in/dason-laravel/layouts/default/extended-rating.html]
[themesdesign.in/dason-laravel/layouts/default/assets/libs/alertifyjs/build/css/alertify.min.css]
[themesdesign.in/dason-laravel/layouts/default/assets/libs/alertifyjs/build/css/themes/default.min.css]
[themesdesign.in/dason-laravel/layouts/default/assets/libs/alertifyjs/build/alertify.min.js]
[themesdesign.in/dason-laravel/layouts/default/assets/js/pages/notification.init.js]
[themesdesign.in/dason-laravel/layouts/default/extended-notifications.html]
[themesdesign.in/dason-laravel/layouts/default/form-elements.html]
[themesdesign.in/dason-laravel/layouts/default/assets/libs/pristinejs/pristine.min.js]
[themesdesign.in/dason-laravel/layouts/default/assets/js/pages/form-validation.init.js]
[themesdesign.in/dason-laravel/layouts/default/form-validation.html]
[themesdesign.in/dason-laravel/layouts/default/assets/libs/choices.js/public/assets/styles/choices.min.css]
[themesdesign.in/dason-laravel/layouts/default/assets/libs/@simonwep/pickr/themes/classic.min.css]
[themesdesign.in/dason-laravel/layouts/default/assets/libs/@simonwep/pickr/themes/monolith.min.css]
[themesdesign.in/dason-laravel/layouts/default/assets/libs/@simonwep/pickr/themes/nano.min.css]
[themesdesign.in/dason-laravel/layouts/default/assets/libs/flatpickr/flatpickr.min.css]
[themesdesign.in/dason-laravel/layouts/default/assets/libs/choices.js/public/assets/scripts/choices.min.js]
[themesdesign.in/dason-laravel/layouts/default/assets/libs/@simonwep/pickr/pickr.min.js]
[themesdesign.in/dason-laravel/layouts/default/assets/libs/@simonwep/pickr/pickr.es5.min.js]
[themesdesign.in/dason-laravel/layouts/default/assets/libs/flatpickr/flatpickr.min.js]
[themesdesign.in/dason-laravel/layouts/default/assets/js/pages/form-advanced.init.js]
[themesdesign.in/dason-laravel/layouts/default/form-advanced.html]
[themesdesign.in/dason-laravel/layouts/default/assets/js/pages/form-editor.init.js]
[themesdesign.in/dason-laravel/layouts/default/form-editors.html]
[themesdesign.in/dason-laravel/layouts/default/form-uploads.html]
[themesdesign.in/dason-laravel/layouts/default/assets/libs/twitter-bootstrap-wizard/prettify.css]
[themesdesign.in/dason-laravel/layouts/default/assets/libs/twitter-bootstrap-wizard/jquery.bootstrap.wizard.min.js]
[themesdesign.in/dason-laravel/layouts/default/assets/libs/twitter-bootstrap-wizard/prettify.js]
[themesdesign.in/dason-laravel/layouts/default/assets/js/pages/form-wizard.init.js]
[themesdesign.in/dason-laravel/layouts/default/form-wizard.html]
[themesdesign.in/dason-laravel/layouts/default/assets/libs/imask/imask.min.js]
[themesdesign.in/dason-laravel/layouts/default/assets/js/pages/form-mask.init.js]
[themesdesign.in/dason-laravel/layouts/default/form-mask.html]
[themesdesign.in/dason-laravel/layouts/default/tables-basic.html]
[themesdesign.in/dason-laravel/layouts/default/assets/libs/datatables.net-buttons-bs4/css/buttons.bootstrap4.min.css]
[themesdesign.in/dason-laravel/layouts/default/assets/libs/datatables.net-buttons/js/dataTables.buttons.min.js]
[themesdesign.in/dason-laravel/layouts/default/assets/libs/datatables.net-buttons-bs4/js/buttons.bootstrap4.min.js]
[themesdesign.in/dason-laravel/layouts/default/assets/libs/jszip/jszip.min.js]
[themesdesign.in/dason-laravel/layouts/default/assets/libs/datatables.net-buttons/js/buttons.html5.min.js]
[themesdesign.in/dason-laravel/layouts/default/assets/libs/pdfmake/build/pdfmake.min.js]
[themesdesign.in/dason-laravel/layouts/default/assets/libs/pdfmake/build/vfs_fonts.js]
[themesdesign.in/dason-laravel/layouts/default/assets/libs/datatables.net-buttons/js/buttons.print.min.js]
[themesdesign.in/dason-laravel/layouts/default/assets/libs/datatables.net-buttons/js/buttons.colVis.min.js]
[themesdesign.in/dason-laravel/layouts/default/assets/js/pages/datatables.init.js]
[themesdesign.in/dason-laravel/layouts/default/tables-datatable.html]
[themesdesign.in/dason-laravel/layouts/default/assets/libs/admin-resources/rwd-table/rwd-table.min.css]
[themesdesign.in/dason-laravel/layouts/default/assets/libs/admin-resources/rwd-table/rwd-table.min.js]
[themesdesign.in/dason-laravel/layouts/default/assets/js/pages/table-responsive.init.js]
[themesdesign.in/dason-laravel/layouts/default/tables-responsive.html]
[themesdesign.in/dason-laravel/layouts/default/assets/libs/table-edits/build/table-edits.min.js]
[themesdesign.in/dason-laravel/layouts/default/assets/js/pages/table-editable.int.js]
[themesdesign.in/dason-laravel/layouts/default/tables-editable.html]
[themesdesign.in/dason-laravel/layouts/default/assets/js/pages/apexcharts.init.js]
[themesdesign.in/dason-laravel/layouts/default/charts-apex.html]
[themesdesign.in/dason-laravel/layouts/default/assets/js/pages/echarts.init.js]
[themesdesign.in/dason-laravel/layouts/default/charts-echart.html]
[themesdesign.in/dason-laravel/layouts/default/assets/libs/echarts/echarts.min.js]
[themesdesign.in/dason-laravel/layouts/default/assets/libs/chart.js/Chart.bundle.min.js]
[themesdesign.in/dason-laravel/layouts/default/assets/js/pages/chartjs.init.js]
[themesdesign.in/dason-laravel/layouts/default/charts-chartjs.html]
[themesdesign.in/dason-laravel/layouts/default/assets/libs/jquery-knob/jquery.knob.min.js]
[themesdesign.in/dason-laravel/layouts/default/assets/js/pages/jquery-knob.init.js]
[themesdesign.in/dason-laravel/layouts/default/charts-knob.html]
[themesdesign.in/dason-laravel/layouts/default/assets/libs/jquery-sparkline/jquery.sparkline.min.js]
[themesdesign.in/dason-laravel/layouts/default/assets/js/pages/sparklines.init.js]
[themesdesign.in/dason-laravel/layouts/default/charts-sparkline.html]
[themesdesign.in/dason-laravel/layouts/default/icons-feather.html]
[themesdesign.in/dason-laravel/layouts/default/icons-boxicons.html]
[themesdesign.in/dason-laravel/layouts/default/icons-materialdesign.html]
[themesdesign.in/dason-laravel/layouts/default/icons-dripicons.html]
[themesdesign.in/dason-laravel/layouts/default/assets/js/pages/materialdesign.init.js]
[themesdesign.in/dason-laravel/layouts/default/icons-fontawesome.html]
[themesdesign.in/dason-laravel/layouts/default/assets/js/pages/fontawesome.init.js]
[themesdesign.in/dason-laravel/layouts/default/assets/libs/gmaps/gmaps.min.js]
[themesdesign.in/dason-laravel/layouts/default/assets/js/pages/gmaps.init.js]
[themesdesign.in/dason-laravel/layouts/default/maps-google.html]
[themesdesign.in/dason-laravel/layouts/default/assets/libs/admin-resources/jquery.vectormap/maps/jquery-jvectormap-us-merc-en.js]
[themesdesign.in/dason-laravel/layouts/default/assets/libs/admin-resources/jquery.vectormap/maps/jquery-jvectormap-in-mill-en.js]
[themesdesign.in/dason-laravel/layouts/default/assets/libs/admin-resources/jquery.vectormap/maps/jquery-jvectormap-au-mill-en.js]
[themesdesign.in/dason-laravel/layouts/default/assets/libs/admin-resources/jquery.vectormap/maps/jquery-jvectormap-us-il-chicago-mill-en.js]
[themesdesign.in/dason-laravel/layouts/default/assets/libs/admin-resources/jquery.vectormap/maps/jquery-jvectormap-uk-mill-en.js]
[themesdesign.in/dason-laravel/layouts/default/assets/js/pages/vector-maps.init.js]
[themesdesign.in/dason-laravel/layouts/default/maps-vector.html]
[themesdesign.in/dason-laravel/layouts/default/assets/libs/admin-resources/jquery.vectormap/maps/jquery-jvectormap-ca-lcc-en.js]
[themesdesign.in/dason-laravel/layouts/default/assets/libs/leaflet/leaflet.css]
[themesdesign.in/dason-laravel/layouts/default/assets/libs/leaflet/leaflet.js]
[themesdesign.in/dason-laravel/layouts/default/assets/js/pages/leaflet-us-states.js]
[themesdesign.in/dason-laravel/layouts/default/assets/js/pages/leaflet-map.init.js]
[themesdesign.in/dason-laravel/layouts/default/maps-leaflet.html]
[themesdesign.in/dason-laravel/layouts/default/assets/fonts/materialdesignicons-webfont3e71.html]
[themesdesign.in/dason-laravel/layouts/default/assets/fonts/boxicons.html]
[themesdesign.in/dason-laravel/layouts/default/assets/fonts/boxiconsd41d.svg]
[themesdesign.in/dason-laravel/layouts/default/assets/fonts/fa-brands-400.html]
[themesdesign.in/dason-laravel/layouts/default/assets/fonts/fa-brands-400.svg]
[themesdesign.in/dason-laravel/layouts/default/assets/fonts/fa-regular-400.html]
[themesdesign.in/dason-laravel/layouts/default/assets/fonts/fa-regular-400.svg]
[themesdesign.in/dason-laravel/layouts/default/assets/fonts/fa-solid-900.html]
[themesdesign.in/dason-laravel/layouts/default/assets/fonts/fa-solid-900.svg]
[themesdesign.in/dason-laravel/layouts/default/assets/fonts/dripicons-v2.svg]
[themesdesign.in/dason-laravel/layouts/default/assets/libs/nouislider/nouislider.min.css]
[themesdesign.in/dason-laravel/layouts/default/assets/libs/bootstrap-touchspin/jquery.bootstrap-touchspin.min.css]
[themesdesign.in/dason-laravel/layouts/default/assets/libs/select2/css/select2.min.css]
[themesdesign.in/dason-laravel/layouts/default/assets/libs/dropzone/min/dropzone.min.css]
[themesdesign.in/dason-laravel/layouts/default/assets/libs/@fullcalendar/core/main.min.css]
[themesdesign.in/dason-laravel/layouts/default/assets/libs/@fullcalendar/daygrid/main.min.css]
[themesdesign.in/dason-laravel/layouts/default/assets/libs/@fullcalendar/bootstrap/main.min.css]
[themesdesign.in/dason-laravel/layouts/default/assets/libs/@fullcalendar/timegrid/main.min.css]
[themesdesign.in/dason-laravel/layouts/default/assets/images/undraw-calendar.svg]
[themesdesign.in/dason-laravel/layouts/default/assets/libs/datatables.net-bs4/css/dataTables.bootstrap4.min.css]
[themesdesign.in/dason-laravel/layouts/default/assets/libs/datatables.net-responsive-bs4/css/responsive.bootstrap4.min.css]
[themesdesign.in/dason-laravel/layouts/default/assets/libs/dragula/dragula.min.css]
[themesdesign.in/dason-laravel/layouts/default/assets/libs/bootstrap-datepicker/css/bootstrap-datepicker.min.html]
[themesdesign.in/dason-laravel/layouts/default/assets/libs/bootstrap-datepicker/js/bootstrap-datepicker.min.html]
[themesdesign.in/dason-laravel/layouts/default/assets/libs/swiper/swiper-bundle.min.css]
[themesdesign.in/dason-laravel/layouts/default/assets/libs/glightbox/css/glightbox.min.css]
[themesdesign.in/dason-laravel/layouts/default/assets/libs/sweetalert2/sweetalert2.min.css]
[themesdesign.in/dason-laravel/layouts/default/assets/libs/alertifyjs/build/css/alertify.min.css]
[themesdesign.in/dason-laravel/layouts/default/assets/libs/alertifyjs/build/css/themes/default.min.css]
[themesdesign.in/dason-laravel/layouts/default/assets/libs/choices.js/public/assets/styles/choices.min.css]
[themesdesign.in/dason-laravel/layouts/default/assets/libs/@simonwep/pickr/themes/classic.min.css]
[themesdesign.in/dason-laravel/layouts/default/assets/libs/@simonwep/pickr/themes/monolith.min.css]
[themesdesign.in/dason-laravel/layouts/default/assets/libs/@simonwep/pickr/themes/nano.min.css]
[themesdesign.in/dason-laravel/layouts/default/assets/libs/flatpickr/flatpickr.min.css]
[themesdesign.in/dason-laravel/layouts/default/assets/libs/twitter-bootstrap-wizard/prettify.css]
[themesdesign.in/dason-laravel/layouts/default/assets/libs/datatables.net-buttons-bs4/css/buttons.bootstrap4.min.css]
[themesdesign.in/dason-laravel/layouts/default/assets/libs/admin-resources/rwd-table/rwd-table.min.css]
[themesdesign.in/dason-laravel/layouts/default/assets/libs/leaflet/images/layers.png]
[themesdesign.in/dason-laravel/layouts/default/assets/libs/leaflet/images/layers-2x.png]
[themesdesign.in/dason-laravel/layouts/default/assets/libs/leaflet/images/marker-icon.png]
[themesdesign.in/dason-laravel/layouts/default/assets/libs/leaflet/leaflet.css]
